// Jest Snapshot v1, https://goo.gl/fbAQLP

exports[`api/queries/getProposal returns proposal 1`] = `
Object {
  "actions": Array [
    Object {
      "callData": "0x000000000000000000000000000000000000000000000000000000000002a300",
      "signature": "setDelay(uint256)",
      "target": "0x08eDF0F2AF8672029eb445742B3b4072c6158DF3",
      "value": "0",
    },
    Object {
      "callData": "0x0000000000000000000000000000000000000000000000000000000000003200",
      "signature": "changeVotingPeriod(uint256)",
      "target": "0xdec2F31C3984F3440540DC78Ef21b1369d4eF767",
      "value": "0",
    },
  ],
  "againstVotesWei": "0",
  "cancelDate": undefined,
  "cancelTxHash": undefined,
  "createdDate": 2022-04-22T20:52:40.000Z,
  "createdTxHash": "0x8b70679651c2e7cdeafbee647e2b52c5006a5c11d15f996edde95d020e45bda5",
  "description": Object {
    "description": " Chain Improvement Proposal 6 (CIP-6) will enable time lock parameters in the governance smart contracts to protect the protocol, the DAO, and its users. CIP-6 adds a 2 day voting window where users can place votes and a 2 day wait window before a proposal can be executed. Therefore, this 4 day window will protect the protocol from malicious attacks and set a reasonable time period for voting.",
    "title": " CIP-6 Secure Proposal Timelock",
    "version": "v1",
  },
  "endBlock": 4636946,
  "executedDate": 2022-04-22T21:12:53.000Z,
  "executedTxHash": "0xac2cead7d0a330a5bcfcdfba1ab5c39822d4b04052c5bfd4aaecd50b8c47506d",
  "forVotesWei": "2.324562998201e+26",
  "id": 6,
  "isEnded": true,
  "isStarted": true,
  "proposer": "0xe864c9439eb042e969c59dd13d38cfdb28e16d73",
  "queuedDate": 2022-04-22T21:01:30.000Z,
  "queuedTxHash": "0x53b9aaffd88bb56f4df1667fcb7058c484e90ead70f641166fee10658b1f5098",
  "startBlock": 4636916,
  "state": "Executed",
  "totalVotesWei": "2.324562998201e+26",
}
`;
