// Jest Snapshot v1, https://goo.gl/fbAQLP

exports[`api/queries/getUniSwapPairs/generateTokenCombinationIds generates unique IDs for provided token combinations 1`] = `
Array [
  "0x651A2a9D3Fc81A5c95E8232d71a558FFd4111126-0xB4FBF271143F4FBf7B91A5ded31805e42b2208d6",
  "0x651A2a9D3Fc81A5c95E8232d71a558FFd4111126-0xcE546eE9E8Bc0732A1e0083ef578a19F79c73D74",
  "0xB4FBF271143F4FBf7B91A5ded31805e42b2208d6-0x651A2a9D3Fc81A5c95E8232d71a558FFd4111126",
  "0xB4FBF271143F4FBf7B91A5ded31805e42b2208d6-0xcE546eE9E8Bc0732A1e0083ef578a19F79c73D74",
  "0xcE546eE9E8Bc0732A1e0083ef578a19F79c73D74-0x651A2a9D3Fc81A5c95E8232d71a558FFd4111126",
  "0xcE546eE9E8Bc0732A1e0083ef578a19F79c73D74-0xB4FBF271143F4FBf7B91A5ded31805e42b2208d6",
]
`;
