// Jest Snapshot v1, https://goo.gl/fbAQLP

exports[`api/queries/useGetTreasuryTotals calculates totals correctly 1`] = `
Object {
  "treasuryTotalAvailableLiquidityBalanceCents": "0",
  "treasuryTotalBalanceCents": "0",
  "treasuryTotalBorrowBalanceCents": "0",
  "treasuryTotalSupplyBalanceCents": "0",
}
`;

exports[`api/queries/useGetTreasuryTotals calculates totals correctly 2`] = `
Object {
  "treasuryTotalAvailableLiquidityBalanceCents": "1.009809011837545743841842745570829318278501e+26",
  "treasuryTotalBalanceCents": "4725237471469.07794503682728247608883",
  "treasuryTotalBorrowBalanceCents": "96086700086.7474427810189748",
  "treasuryTotalSupplyBalanceCents": "1.009799010007167652859482000681936356943184e+26",
}
`;
