// Jest Snapshot v1, https://goo.gl/fbAQLP

exports[`api/queries/useGetUserMarketInfo calculates totals correctly 1`] = `
Object {
  "assets": Array [
    Object {
      "borrowApy": "-2.0144969997738267",
      "borrowBalance": "0",
      "borrowCaps": "0",
      "cash": "1.0001000096016525033105349e+25",
      "collateral": false,
      "collateralFactor": "0.81",
      "liquidity": "10001830379044496325.01359740607398",
      "percentOfLimit": "0",
      "supplyApy": "0.000001539982091825",
      "supplyBalance": "0",
      "supplyCaps": "0",
      "token": Object {
        "address": "0x0397A41430153bFF2d7514fe1586f2e18E735869",
        "asset": "usdc.svg",
        "decimals": 6,
        "id": "usdc",
        "symbol": "USDC",
      },
      "tokenPrice": "1.00008302",
      "totalReserves": "47245578337903163",
      "treasuryTotalBorrows": "8586112918853.550179",
      "treasuryTotalBorrowsCents": "858682573794807.340073586058",
      "treasuryTotalSupply": "4.717199913187927152720001083e+28",
      "treasuryTotalSupplyCents": "1.0001838918443319696540393346289641043e+21",
      "walletBalance": "0",
      "xcnBorrowApy": "0.000002125348834693",
      "xcnPerDay": "999.9999936",
      "xcnSupplyApy": "1.824635e-12",
    },
    Object {
      "borrowApy": "-2.014488268288307",
      "borrowBalance": "0",
      "borrowCaps": "0",
      "cash": "1.009900000007157528256867649649e+30",
      "collateral": false,
      "collateralFactor": "0.8",
      "liquidity": "1.0097990100071568125040419628840351e+24",
      "percentOfLimit": "0",
      "supplyApy": "0",
      "supplyBalance": "0",
      "supplyCaps": "0",
      "token": Object {
        "address": "0xcE546eE9E8Bc0732A1e0083ef578a19F79c73D74",
        "asset": "usdt.svg",
        "decimals": 6,
        "id": "usdt",
        "symbol": "USDT",
      },
      "tokenPrice": "0.9999",
      "totalReserves": "5143616150",
      "treasuryTotalBorrows": "30465941.078326",
      "treasuryTotalBorrowsCents": "3046289448.42181674",
      "treasuryTotalSupply": "5.029972090817266864401527367893625e+33",
      "treasuryTotalSupplyCents": "1.009799010007156842907638340455919692236935e+26",
      "walletBalance": "0",
      "xcnBorrowApy": "0.600882672824011072",
      "xcnPerDay": "999.9999936",
      "xcnSupplyApy": "0",
    },
    Object {
      "borrowApy": "-2.8269802937000055",
      "borrowBalance": "0",
      "borrowCaps": "0",
      "cash": "9.706099325362378744807744335e+27",
      "collateral": false,
      "collateralFactor": "0.8",
      "liquidity": "9708012785.783380684153495733",
      "percentOfLimit": "0",
      "supplyApy": "0.222026939368167748",
      "supplyBalance": "0",
      "supplyCaps": "0",
      "token": Object {
        "address": "0xE39Ee8E20295572F7ED2Ea6Ae429f91697eCAaaF",
        "asset": "dai.svg",
        "decimals": 18,
        "id": "dai",
        "symbol": "DAI",
      },
      "tokenPrice": "1.00019714",
      "totalReserves": "0",
      "treasuryTotalBorrows": "838879295.456576767818085792",
      "treasuryTotalBorrowsCents": "83904467212.0883077362093449",
      "treasuryTotalSupply": "51881576366895517915",
      "treasuryTotalSupplyCents": "1054705745790.4263761515589172",
      "walletBalance": "0",
      "xcnBorrowApy": "0.021753286763848276",
      "xcnPerDay": "999.9999936",
      "xcnSupplyApy": "0.001730355354365121",
    },
    Object {
      "borrowApy": "-94.54098055818199",
      "borrowBalance": "0",
      "borrowCaps": "0",
      "cash": "134724956392949930",
      "collateral": false,
      "collateralFactor": "0.8",
      "liquidity": "39.742992883765334217",
      "percentOfLimit": "0",
      "supplyApy": "86.319696955441989068",
      "supplyBalance": "0",
      "supplyCaps": "0",
      "token": Object {
        "address": "",
        "asset": "eth.svg",
        "decimals": 18,
        "id": "eth",
        "isNative": true,
        "symbol": "ETH",
      },
      "tokenPrice": "294.99354795",
      "totalReserves": "6.133177004077521280386e+21",
      "treasuryTotalBorrows": "163570.361869451489735025",
      "treasuryTotalBorrowsCents": "4644293442.7935753968443612",
      "treasuryTotalSupply": "475703606186365",
      "treasuryTotalSupplyCents": "4644297417.0928637733777829",
      "walletBalance": "0",
      "xcnBorrowApy": "1.141107132664179593",
      "xcnPerDay": "2999.9999808",
      "xcnSupplyApy": "1.185821799653397884",
    },
    Object {
      "borrowApy": "-19.90282685098207",
      "borrowBalance": "0",
      "borrowCaps": "270000",
      "cash": "1.384009148852251251535718e+24",
      "collateral": false,
      "collateralFactor": "0.6",
      "liquidity": "1384009.148852251251535718",
      "percentOfLimit": "0",
      "supplyApy": "2.509901167951039272",
      "supplyBalance": "0",
      "supplyCaps": "0",
      "token": Object {
        "address": "0xc03Fa5e041BE9C8deD030D6dec7936cE67D78ae8",
        "asset": "xcn.svg",
        "decimals": 18,
        "id": "xcn",
        "symbol": "XCN",
      },
      "tokenPrice": "1",
      "totalReserves": "9.456129458228979467263e+21",
      "treasuryTotalBorrows": "306488.837102836344256144",
      "treasuryTotalBorrowsCents": "30648883.7102836344256144",
      "treasuryTotalSupply": "8238070729630362",
      "treasuryTotalSupplyCents": "168090555.8345572668784761",
      "walletBalance": "0",
      "xcnBorrowApy": "0",
      "xcnPerDay": "0",
      "xcnSupplyApy": "0",
    },
    Object {
      "borrowApy": "-5.7292945208867785",
      "borrowBalance": "0",
      "borrowCaps": "0",
      "cash": "734855505167845506968",
      "collateral": false,
      "collateralFactor": "0.8",
      "liquidity": "22080059.440703536158904017",
      "percentOfLimit": "0",
      "supplyApy": "1.814867084183460806",
      "supplyBalance": "0",
      "supplyCaps": "0",
      "token": Object {
        "address": "0x81969959E0485a38585C0e4cD3C8e4d996F12758",
        "asset": "wbtc.svg",
        "decimals": 8,
        "id": "wbtc",
        "symbol": "WBTC",
      },
      "tokenPrice": "30046.80414779",
      "totalReserves": "1766090250815625642",
      "treasuryTotalBorrows": "410.044985006090348771",
      "treasuryTotalBorrowsCents": "1232054135.626148384986397",
      "treasuryTotalSupply": "5387756610941",
      "treasuryTotalSupplyCents": "3434747710.1218290503961459",
      "walletBalance": "0",
      "xcnBorrowApy": "4.543731091576054636",
      "xcnPerDay": "2999.9999808",
      "xcnSupplyApy": "1.606740170918635611",
    },
    Object {
      "borrowApy": "-8.426578436066722",
      "borrowBalance": "0",
      "borrowCaps": "0",
      "cash": "4.442714417049498808402e+21",
      "collateral": false,
      "collateralFactor": "0.8",
      "liquidity": "9845948.33907734952053666",
      "percentOfLimit": "0",
      "supplyApy": "4.552151837121089047",
      "supplyBalance": "0",
      "supplyCaps": "0",
      "token": Object {
        "address": "",
        "asset": "eth.svg",
        "decimals": 18,
        "id": "eth",
        "isNative": true,
        "symbol": "ETH",
      },
      "tokenPrice": "2216.20104621",
      "totalReserves": "27361500255976792194",
      "treasuryTotalBorrows": "6946.982350412691554991",
      "treasuryTotalBorrowsCents": "1539590955.2987011849433085",
      "treasuryTotalSupply": "54560058223524",
      "treasuryTotalSupplyCents": "2518082368.1866852001814986",
      "walletBalance": "0",
      "xcnBorrowApy": "0.594444965549789125",
      "xcnPerDay": "500.0000256",
      "xcnSupplyApy": "0.363034531797658077",
    },
    Object {
      "borrowApy": "-3.3210326984806846",
      "borrowBalance": "0",
      "borrowCaps": "0",
      "cash": "1.366473497104608422125521e+24",
      "collateral": false,
      "collateralFactor": "0.6",
      "liquidity": "1096504.17926256565752608",
      "percentOfLimit": "0",
      "supplyApy": "0.250490295580310715",
      "supplyBalance": "0",
      "supplyCaps": "0",
      "token": Object {
        "address": "0x8207E64018f3043626E222D878beDCcb75348178",
        "asset": "matic.svg",
        "decimals": 18,
        "id": "matic",
        "symbol": "MATIC",
      },
      "tokenPrice": "0.80243355",
      "totalReserves": "367622752501696670187",
      "treasuryTotalBorrows": "127045.101864562779374701",
      "treasuryTotalBorrowsCents": "10194525.2099292730251508",
      "treasuryTotalSupply": "7442645752253233",
      "treasuryTotalSupplyCents": "119815375.5117972192153777",
      "walletBalance": "0",
      "xcnBorrowApy": "0",
      "xcnPerDay": "0",
      "xcnSupplyApy": "0",
    },
  ],
  "dailyXcnWei": "0",
  "totalXcnDistributedWei": "2.648826e+24",
  "userTotalBorrowBalanceCents": "0",
  "userTotalBorrowLimitCents": "0",
  "userTotalSupplyBalanceCents": "0",
}
`;
